// Jest Snapshot v1, https://goo.gl/fbAQLP

exports[`Services component matches the snapshot 1`] = `
<DocumentFragment>
  <main
    class="Services"
  >
    <small
      class="SmallCaption"
      style="color: black;"
    >
      DO WHAT IS BEST FOR YOU
    </small>
    <h2
      class="SectionHeader"
    >
      Choose your ideal environment
    </h2>
    <section
      class="ServiceDescription"
    >
      <img
        alt=""
        src="astronaut-single.png"
      />
      <aside
        class="ServiceDescription-description"
      >
        <h3
          class="SectionHeader"
        >
          Individual sessions
        </h3>
        <article>
          Work one-on-one with a trained professional to uncover parts of yourself and heal from trauma. Sessions are confidential and personalized to your unique goals. This approach is recommended if you prefer a more intimate therapist-client relationship.
        </article>
        <a
          class="Link primary"
        >
          Book a free session
        </a>
      </aside>
    </section>
    <section
      class="ServiceDescription reverse"
    >
      <img
        alt=""
        src="astronaut-group.png"
      />
      <aside
        class="ServiceDescription-description"
      >
        <h3
          class="SectionHeader"
        >
          Group sessions
        </h3>
        <article>
          A group setting can help you gain clarity and perspective on your own life as you begin to cultivate relations with others. Members go through a vetting process and are placed based on their unique experience and goals as it relates to the groupâ€™s overall dynamnic.
        </article>
        <a
          class="Link primary"
        >
          Book a free session
        </a>
      </aside>
    </section>
    <section
      class="FAQ"
      id="faq"
    >
      <small
        class="SmallCaption"
        style="color: black;"
      >
        FAQ
      </small>
      <h2
        class="SectionHeader"
      >
        Frequently Asked Questions
      </h2>
      <div
        class="Question"
        id="0"
      >
        <div
          class="Question-question-wrapper"
        >
          <h3
            class="SectionHeader"
          >
            How much does a session cost?
          </h3>
          <img
            alt="Pick to expand question"
            src="expanded.png"
          />
        </div>
        <p
          class="Question-answer"
        >
          Interaction design is the practice of designing interactive digital products, environments, systems, and services.
        </p>
      </div>
      <div
        class="Question"
        id="1"
      >
        <div
          class="Question-question-wrapper"
        >
          <h3
            class="SectionHeader"
          >
            Where are sessions held?
          </h3>
          <img
            alt="Pick to expand question"
            src="expanded.png"
          />
        </div>
        <p
          class="Question-answer"
        >
          Interaction design is the practice of designing interactive digital products, environments, systems, and services.
        </p>
      </div>
      <div
        class="Question"
        id="2"
      >
        <div
          class="Question-question-wrapper"
        >
          <h3
            class="SectionHeader"
          >
            What is your deposit policy?
          </h3>
          <img
            alt="Pick to expand question"
            src="expanded.png"
          />
        </div>
        <p
          class="Question-answer"
        >
          Interaction design is the practice of designing interactive digital products, environments, systems, and services.
        </p>
      </div>
      <div
        class="Question"
        id="3"
      >
        <div
          class="Question-question-wrapper"
        >
          <h3
            class="SectionHeader"
          >
            What insurance do you accept?
          </h3>
          <img
            alt="Pick to expand question"
            src="expanded.png"
          />
        </div>
        <p
          class="Question-answer"
        >
          Interaction design is the practice of designing interactive digital products, environments, systems, and services.
        </p>
      </div>
    </section>
  </main>
</DocumentFragment>
`;
