// Jest Snapshot v1, https://goo.gl/fbAQLP

exports[`Button component matches the snapshot 1`] = `
<DocumentFragment>
  <button
    class="Button tertiary"
  >
    Hello, I'm a button
    <img
      alt=""
      class="Button-arrow"
      src="arrow.png"
    />
  </button>
</DocumentFragment>
`;
