// Jest Snapshot v1, https://goo.gl/fbAQLP

exports[`SectionHeader component matches the snapshot 1`] = `
<DocumentFragment>
  <h2
    class="SectionHeader"
  />
</DocumentFragment>
`;
