// Jest Snapshot v1, https://goo.gl/fbAQLP

exports[`Footer component matches the snapshot 1`] = `
<DocumentFragment>
  <footer
    class="Footer"
  >
    <section
      class="Footer-menu"
    >
      <small
        class="SmallCaption"
        style="color: rgb(251, 173, 125);"
      >
        VESTA HEALING
      </small>
      <a
        class="Link tertiary"
        href="/"
      >
        Home
      </a>
      <a
        class="Link tertiary"
        href="/about-me"
      >
        About Me
      </a>
      <a
        class="Link tertiary"
        href="/services"
      >
        Services
      </a>
      <a
        class="Link tertiary"
        href="/services#faq"
      >
        FAQ
      </a>
    </section>
    <section
      class="Footer-menu"
    >
      <small
        class="SmallCaption"
        style="color: rgb(251, 173, 125);"
      >
        COMPANY
      </small>
      <a
        class="Link tertiary"
        href="/"
      >
        Contact Us
      </a>
    </section>
  </footer>
</DocumentFragment>
`;
