// Jest Snapshot v1, https://goo.gl/fbAQLP

exports[`MeetProfessional component matches the snapshot 1`] = `
<DocumentFragment>
  <section
    class="MeetProfessional"
  >
    <aside
      class="MeetProfessional-img-wrapper"
    >
      <img
        alt=""
        src="miriam2.png"
      />
    </aside>
    <aside
      class="MeetProfessional-text-wrapper"
    >
      <img
        alt=""
        class="MeetProfessional-stars"
        src="stars.png"
      />
      <small
        class="SmallCaption"
        style="color: black;"
      >
        MEET THE LICENSED PROFESSIONAL
      </small>
      <h2
        class="SectionHeader"
      >
        Hello, my name is Miriam!
      </h2>
      <article>
        I offer sessions designed to help you shift subconscious imprinting, uncover your authentic self and align with your purpose. As a licensed social worker and spiritual life coach, I use a critically conscious lens and heart-centered approach to help cultivate inner peace and calm. Letâ€™s go on this journey together as we sort through and make sense of each puzzle piece to form a full picture.
      </article>
      <a
        class="Link secondary"
      >
        Read more
        <img
          alt=""
          class="Link-arrow"
          src="arrow.png"
        />
      </a>
    </aside>
  </section>
</DocumentFragment>
`;
